\BOOKMARK [1][-]{section.1}{\376\377\000P\000r\000o\000p\000\363\000s\000i\000t\000o\000\040\000y\000\040\000a\000l\000c\000a\000n\000c\000e\000\040\000d\000e\000l\000\040\000d\000o\000c\000u\000m\000e\000n\000t\000o}{}% 1
\BOOKMARK [1][-]{section.2}{\376\377\000F\000u\000e\000n\000t\000e\000s\000\040\000y\000\040\000s\000u\000p\000u\000e\000s\000t\000o\000s\000\040\000u\000s\000a\000d\000o\000s}{}% 2
\BOOKMARK [2][-]{subsection.2.1}{\376\377\000F\000u\000e\000n\000t\000e\000s\000\040\000d\000e\000\040\000v\000e\000r\000d\000a\000d}{section.2}% 3
\BOOKMARK [2][-]{subsection.2.2}{\376\377\000S\000u\000p\000u\000e\000s\000t\000o\000s}{section.2}% 4
\BOOKMARK [2][-]{subsection.2.3}{\376\377\000L\000\355\000m\000i\000t\000e\000s}{section.2}% 5
\BOOKMARK [1][-]{section.3}{\376\377\000M\000o\000d\000e\000l\000o\000\040\000g\000e\000n\000e\000r\000a\000l\000\040\000d\000e\000\040\000c\000a\000s\000o\000s\000\040\000d\000e\000\040\000u\000s\000o}{}% 6
\BOOKMARK [2][-]{subsection.3.1}{\376\377\000D\000i\000a\000g\000r\000a\000m\000a\000\040\000f\000u\000n\000c\000i\000o\000n\000a\000l}{section.3}% 7
\BOOKMARK [2][-]{subsection.3.2}{\376\377\000L\000e\000c\000t\000u\000r\000a\000\040\000d\000e\000l\000\040\000d\000i\000a\000g\000r\000a\000m\000a}{section.3}% 8
\BOOKMARK [1][-]{section.4}{\376\377\000A\000c\000t\000o\000r\000e\000s}{}% 9
\BOOKMARK [1][-]{section.5}{\376\377\000R\000e\000l\000a\000c\000i\000o\000n\000e\000s\000\040\000e\000n\000t\000r\000e\000\040\000c\000a\000s\000o\000s\000\040\000d\000e\000\040\000u\000s\000o}{}% 10
\BOOKMARK [2][-]{subsection.5.1}{\376\377\000R\000e\000l\000a\000c\000i\000o\000n\000e\000s\000\040\000d\000e\000\040\000d\000i\000s\000p\000a\000r\000o}{section.5}% 11
\BOOKMARK [2][-]{subsection.5.2}{\376\377\000R\000e\000l\000a\000c\000i\000o\000n\000e\000s\000\040\000d\000e\000\040\000i\000n\000c\000l\000u\000s\000i\000\363\000n}{section.5}% 12
\BOOKMARK [2][-]{subsection.5.3}{\376\377\000R\000e\000l\000a\000c\000i\000o\000n\000e\000s\000\040\000d\000e\000\040\000t\000r\000a\000z\000a\000b\000i\000l\000i\000d\000a\000d}{section.5}% 13
\BOOKMARK [2][-]{subsection.5.4}{\376\377\000R\000e\000l\000a\000c\000i\000o\000n\000e\000s\000\040\000d\000e\000\040\000v\000a\000l\000i\000d\000a\000c\000i\000\363\000n\000\040\000y\000\040\000s\000o\000p\000o\000r\000t\000e}{section.5}% 14
\BOOKMARK [1][-]{section.6}{\376\377\000C\000a\000s\000o\000s\000\040\000d\000e\000\040\000u\000s\000o\000\040\000d\000e\000t\000a\000l\000l\000a\000d\000o\000s}{}% 15
\BOOKMARK [2][-]{subsection.6.1}{\376\377\000C\000U\000-\000A\0001\000-\0000\0001\000:\000\040\000G\000e\000n\000e\000r\000a\000r\000\040\000g\000a\000c\000e\000t\000i\000l\000l\000a\000\040\000i\000n\000s\000t\000i\000t\000u\000c\000i\000o\000n\000a\000l}{section.6}% 16
\BOOKMARK [3][-]{subsubsection.6.1.1}{\376\377\000D\000e\000s\000c\000r\000i\000p\000c\000i\000\363\000n\000\040\000e\000x\000t\000e\000n\000d\000i\000d\000a}{subsection.6.1}% 17
\BOOKMARK [3][-]{subsubsection.6.1.2}{\376\377\000F\000l\000u\000j\000o\000\040\000p\000r\000i\000n\000c\000i\000p\000a\000l}{subsection.6.1}% 18
\BOOKMARK [3][-]{subsubsection.6.1.3}{\376\377\000A\000l\000t\000e\000r\000n\000a\000t\000i\000v\000a\000s\000\040\000y\000\040\000e\000x\000c\000e\000p\000c\000i\000o\000n\000e\000s}{subsection.6.1}% 19
\BOOKMARK [3][-]{subsubsection.6.1.4}{\376\377\000D\000o\000D\000\040\000y\000\040\000e\000v\000i\000d\000e\000n\000c\000i\000a}{subsection.6.1}% 20
\BOOKMARK [2][-]{subsection.6.2}{\376\377\000C\000U\000-\000A\0001\000-\0000\0002\000:\000\040\000G\000e\000n\000e\000r\000a\000r\000\040\000p\000o\000s\000t\000\040\000p\000a\000r\000a\000\040\000r\000e\000d\000e\000s\000\040\000s\000o\000c\000i\000a\000l\000e\000s}{section.6}% 21
\BOOKMARK [3][-]{subsubsection.6.2.1}{\376\377\000D\000e\000s\000c\000r\000i\000p\000c\000i\000\363\000n\000\040\000e\000x\000t\000e\000n\000d\000i\000d\000a}{subsection.6.2}% 22
\BOOKMARK [3][-]{subsubsection.6.2.2}{\376\377\000F\000l\000u\000j\000o\000\040\000p\000r\000i\000n\000c\000i\000p\000a\000l}{subsection.6.2}% 23
\BOOKMARK [3][-]{subsubsection.6.2.3}{\376\377\000A\000l\000t\000e\000r\000n\000a\000t\000i\000v\000a\000s\000\040\000y\000\040\000e\000x\000c\000e\000p\000c\000i\000o\000n\000e\000s}{subsection.6.2}% 24
\BOOKMARK [3][-]{subsubsection.6.2.4}{\376\377\000D\000o\000D\000\040\000y\000\040\000e\000v\000i\000d\000e\000n\000c\000i\000a}{subsection.6.2}% 25
\BOOKMARK [2][-]{subsection.6.3}{\376\377\000C\000U\000-\000A\0001\000-\0000\0003\000:\000\040\000E\000n\000v\000i\000a\000r\000\040\000c\000o\000n\000f\000i\000r\000m\000a\000c\000i\000\363\000n\000\040\000a\000u\000t\000o\000m\000\341\000t\000i\000c\000a\000\040\000d\000e\000\040\000i\000n\000s\000c\000r\000i\000p\000c\000i\000\363\000n}{section.6}% 26
\BOOKMARK [3][-]{subsubsection.6.3.1}{\376\377\000D\000e\000s\000c\000r\000i\000p\000c\000i\000\363\000n\000\040\000e\000x\000t\000e\000n\000d\000i\000d\000a}{subsection.6.3}% 27
\BOOKMARK [3][-]{subsubsection.6.3.2}{\376\377\000F\000l\000u\000j\000o\000\040\000p\000r\000i\000n\000c\000i\000p\000a\000l}{subsection.6.3}% 28
\BOOKMARK [3][-]{subsubsection.6.3.3}{\376\377\000A\000l\000t\000e\000r\000n\000a\000t\000i\000v\000a\000s\000\040\000y\000\040\000e\000x\000c\000e\000p\000c\000i\000o\000n\000e\000s}{subsection.6.3}% 29
\BOOKMARK [3][-]{subsubsection.6.3.4}{\376\377\000D\000o\000D\000\040\000y\000\040\000e\000v\000i\000d\000e\000n\000c\000i\000a}{subsection.6.3}% 30
\BOOKMARK [2][-]{subsection.6.4}{\376\377\000C\000U\000-\000A\0001\000-\0000\0004\000:\000\040\000I\000n\000t\000e\000r\000a\000c\000c\000i\000\363\000n\000\040\000i\000n\000t\000e\000r\000n\000a\000\040\000e\000n\000\040\000l\000e\000n\000g\000u\000a\000j\000e\000\040\000n\000a\000t\000u\000r\000a\000l}{section.6}% 31
\BOOKMARK [3][-]{subsubsection.6.4.1}{\376\377\000D\000e\000s\000c\000r\000i\000p\000c\000i\000\363\000n\000\040\000e\000x\000t\000e\000n\000d\000i\000d\000a}{subsection.6.4}% 32
\BOOKMARK [3][-]{subsubsection.6.4.2}{\376\377\000F\000l\000u\000j\000o\000\040\000p\000r\000i\000n\000c\000i\000p\000a\000l}{subsection.6.4}% 33
\BOOKMARK [3][-]{subsubsection.6.4.3}{\376\377\000A\000l\000t\000e\000r\000n\000a\000t\000i\000v\000a\000s\000\040\000y\000\040\000e\000x\000c\000e\000p\000c\000i\000o\000n\000e\000s}{subsection.6.4}% 34
\BOOKMARK [3][-]{subsubsection.6.4.4}{\376\377\000D\000o\000D\000\040\000y\000\040\000e\000v\000i\000d\000e\000n\000c\000i\000a}{subsection.6.4}% 35
\BOOKMARK [2][-]{subsection.6.5}{\376\377\000C\000U\000-\000A\0001\000-\0000\0005\000:\000\040\000G\000e\000n\000e\000r\000a\000r\000\040\000c\000e\000r\000t\000i\000f\000i\000c\000a\000d\000o\000\040\000a\000u\000t\000o\000m\000\341\000t\000i\000c\000o\000\040\000c\000o\000n\000\040\000v\000a\000l\000i\000d\000a\000c\000i\000\363\000n\000\040\000h\000u\000m\000a\000n\000a}{section.6}% 36
\BOOKMARK [3][-]{subsubsection.6.5.1}{\376\377\000D\000e\000s\000c\000r\000i\000p\000c\000i\000\363\000n\000\040\000e\000x\000t\000e\000n\000d\000i\000d\000a}{subsection.6.5}% 37
\BOOKMARK [3][-]{subsubsection.6.5.2}{\376\377\000F\000l\000u\000j\000o\000\040\000p\000r\000i\000n\000c\000i\000p\000a\000l}{subsection.6.5}% 38
\BOOKMARK [3][-]{subsubsection.6.5.3}{\376\377\000A\000l\000t\000e\000r\000n\000a\000t\000i\000v\000a\000s\000\040\000y\000\040\000e\000x\000c\000e\000p\000c\000i\000o\000n\000e\000s}{subsection.6.5}% 39
\BOOKMARK [3][-]{subsubsection.6.5.4}{\376\377\000D\000o\000D\000\040\000y\000\040\000e\000v\000i\000d\000e\000n\000c\000i\000a}{subsection.6.5}% 40
\BOOKMARK [2][-]{subsection.6.6}{\376\377\000C\000U\000-\000A\0001\000-\0000\0006\000:\000\040\000V\000a\000l\000i\000d\000a\000r\000\040\000c\000o\000n\000t\000e\000n\000i\000d\000o\000\040\000g\000e\000n\000e\000r\000a\000d\000o}{section.6}% 41
\BOOKMARK [3][-]{subsubsection.6.6.1}{\376\377\000F\000l\000u\000j\000o\000\040\000p\000r\000i\000n\000c\000i\000p\000a\000l}{subsection.6.6}% 42
\BOOKMARK [3][-]{subsubsection.6.6.2}{\376\377\000C\000r\000i\000t\000e\000r\000i\000o\000\040\000d\000e\000\040\000c\000o\000n\000t\000r\000o\000l}{subsection.6.6}% 43
\BOOKMARK [2][-]{subsection.6.7}{\376\377\000C\000U\000-\000A\0001\000-\0000\0007\000:\000\040\000R\000e\000g\000i\000s\000t\000r\000a\000r\000\040\000t\000r\000a\000z\000a\000b\000i\000l\000i\000d\000a\000d}{section.6}% 44
\BOOKMARK [3][-]{subsubsection.6.7.1}{\376\377\000F\000l\000u\000j\000o\000\040\000p\000r\000i\000n\000c\000i\000p\000a\000l}{subsection.6.7}% 45
\BOOKMARK [3][-]{subsubsection.6.7.2}{\376\377\000C\000r\000i\000t\000e\000r\000i\000o\000\040\000d\000e\000\040\000c\000o\000n\000t\000r\000o\000l}{subsection.6.7}% 46
\BOOKMARK [1][-]{section.7}{\376\377\000M\000a\000t\000r\000i\000z\000\040\000d\000e\000\040\000t\000r\000a\000z\000a\000b\000i\000l\000i\000d\000a\000d}{}% 47
\BOOKMARK [1][-]{section.8}{\376\377\000R\000e\000g\000l\000a\000s\000\040\000d\000e\000\040\000n\000e\000g\000o\000c\000i\000o\000\040\000d\000e\000r\000i\000v\000a\000d\000a\000s}{}% 48
\BOOKMARK [1][-]{section.9}{\376\377\000D\000a\000t\000o\000s\000\040\000m\000\355\000n\000i\000m\000o\000s\000\040\000p\000o\000r\000\040\000c\000a\000s\000o}{}% 49
\BOOKMARK [1][-]{section.10}{\376\377\000P\000e\000n\000d\000i\000e\000n\000t\000e\000s\000\040\000d\000e\000\040\000c\000o\000n\000f\000i\000r\000m\000a\000c\000i\000\363\000n}{}% 50
\BOOKMARK [1][-]{section.11}{\376\377\000C\000o\000n\000c\000l\000u\000s\000i\000\363\000n}{}% 51
