\BOOKMARK [1][-]{section.1}{\376\377\000R\000e\000s\000u\000m\000e\000n}{}% 1
\BOOKMARK [1][-]{section.2}{\376\377\000P\000a\000l\000a\000b\000r\000a\000s\000\040\000c\000l\000a\000v\000e}{}% 2
\BOOKMARK [1][-]{section.3}{\376\377\000G\000l\000o\000s\000a\000r\000i\000o}{}% 3
\BOOKMARK [1][-]{section.4}{\376\377\000I\000n\000t\000r\000o\000d\000u\000c\000c\000i\000\363\000n}{}% 4
\BOOKMARK [1][-]{section.5}{\376\377\000F\000o\000r\000m\000u\000l\000a\000c\000i\000\363\000n\000\040\000d\000e\000l\000\040\000p\000r\000o\000b\000l\000e\000m\000a}{}% 5
\BOOKMARK [1][-]{section.6}{\376\377\000A\000n\000t\000e\000c\000e\000d\000e\000n\000t\000e\000s}{}% 6
\BOOKMARK [2][-]{subsection.6.1}{\376\377\000C\000o\000n\000t\000e\000x\000t\000o\000\040\000i\000n\000s\000t\000i\000t\000u\000c\000i\000o\000n\000a\000l}{section.6}% 7
\BOOKMARK [2][-]{subsection.6.2}{\376\377\000E\000s\000t\000a\000d\000o\000\040\000d\000e\000l\000\040\000a\000r\000t\000e}{section.6}% 8
\BOOKMARK [2][-]{subsection.6.3}{\376\377\000T\000e\000c\000n\000o\000l\000o\000g\000\355\000a\000s\000\040\000d\000e\000\040\000c\000\363\000d\000i\000g\000o\000\040\000a\000b\000i\000e\000r\000t\000o}{section.6}% 9
\BOOKMARK [1][-]{section.7}{\376\377\000P\000r\000o\000p\000\363\000s\000i\000t\000o\000\040\000y\000\040\000j\000u\000s\000t\000i\000f\000i\000c\000a\000c\000i\000\363\000n}{}% 10
\BOOKMARK [1][-]{section.8}{\376\377\000O\000b\000j\000e\000t\000i\000v\000o\000s\000\040\000g\000l\000o\000b\000a\000l\000e\000s\000\040\000y\000\040\000e\000s\000p\000e\000c\000\355\000f\000i\000c\000o\000s}{}% 11
\BOOKMARK [2][-]{subsection.8.1}{\376\377\000S\000i\000t\000u\000a\000c\000i\000\363\000n\000\040\000a\000c\000t\000u\000a\000l\000\040\000\050\000A\000s\000\040\000I\000s\000\051}{section.8}% 12
\BOOKMARK [2][-]{subsection.8.2}{\376\377\000S\000i\000t\000u\000a\000c\000i\000\363\000n\000\040\000d\000e\000s\000e\000a\000d\000a\000\040\000\050\000T\000o\000\040\000B\000e\000\051}{section.8}% 13
\BOOKMARK [2][-]{subsection.8.3}{\376\377\000O\000b\000j\000e\000t\000i\000v\000o\000s\000\040\000e\000s\000p\000e\000c\000\355\000f\000i\000c\000o\000s}{section.8}% 14
\BOOKMARK [1][-]{section.9}{\376\377\000A\000l\000c\000a\000n\000c\000e\000s}{}% 15
\BOOKMARK [2][-]{subsection.9.1}{\376\377\000A\000l\000c\000a\000n\000c\000e\000\040\000d\000e\000l\000\040\000p\000r\000o\000y\000e\000c\000t\000o}{section.9}% 16
\BOOKMARK [2][-]{subsection.9.2}{\376\377\000A\000l\000c\000a\000n\000c\000e\000\040\000d\000e\000l\000\040\000p\000r\000o\000d\000u\000c\000t\000o}{section.9}% 17
\BOOKMARK [3][-]{subsubsection.9.2.1}{\376\377\000I\000n\000c\000l\000u\000i\000d\000o\000\040\000e\000n\000\040\000e\000s\000t\000e\000\040\000P\000r\000o\000y\000e\000c\000t\000o}{subsection.9.2}% 18
\BOOKMARK [3][-]{subsubsection.9.2.2}{\376\377\000D\000e\000p\000e\000n\000d\000e\000n\000c\000i\000a\000s\000\040\000c\000o\000m\000p\000a\000r\000t\000i\000d\000a\000s\000\040\000c\000o\000n\000\040\000e\000l\000\040\000P\000r\000o\000y\000e\000c\000t\000o\000\040\000d\000e\000\040\000B\000e\000c\000e\000r\000r\000a\000\040\000M\000a\000s\000\040\000R\000o\000c\000a}{subsection.9.2}% 19
\BOOKMARK [3][-]{subsubsection.9.2.3}{\376\377\000E\000x\000c\000l\000u\000i\000d\000o\000\040\000d\000e\000\040\000e\000s\000t\000e\000\040\000P\000r\000o\000y\000e\000c\000t\000o}{subsection.9.2}% 20
\BOOKMARK [1][-]{section.10}{\376\377\000M\000a\000r\000c\000o\000\040\000r\000e\000f\000e\000r\000e\000n\000c\000i\000a\000l}{}% 21
\BOOKMARK [2][-]{subsection.10.1}{\376\377\000E\000x\000t\000e\000n\000s\000i\000\363\000n\000\040\000u\000n\000i\000v\000e\000r\000s\000i\000t\000a\000r\000i\000a\000\040\000e\000n\000\040\000A\000r\000g\000e\000n\000t\000i\000n\000a}{section.10}% 22
\BOOKMARK [2][-]{subsection.10.2}{\376\377\000C\000o\000m\000u\000n\000i\000c\000a\000c\000i\000\363\000n\000\040\000i\000n\000s\000t\000i\000t\000u\000c\000i\000o\000n\000a\000l\000\040\000y\000\040\000a\000u\000t\000o\000m\000a\000t\000i\000z\000a\000c\000i\000\363\000n}{section.10}% 23
\BOOKMARK [2][-]{subsection.10.3}{\376\377\000G\000e\000s\000t\000i\000\363\000n\000\040\000p\000o\000r\000\040\000p\000r\000o\000c\000e\000s\000o\000s\000\040\000\050\000B\000P\000M\000\051}{section.10}% 24
\BOOKMARK [2][-]{subsection.10.4}{\376\377\000S\000i\000s\000t\000e\000m\000a\000s\000\040\000m\000u\000l\000t\000i\000a\000g\000e\000n\000t\000e}{section.10}% 25
\BOOKMARK [2][-]{subsection.10.5}{\376\377\000L\000L\000M\000s\000\040\000l\000o\000c\000a\000l\000e\000s\000\040\000y\000\040\000s\000o\000b\000e\000r\000a\000n\000\355\000a\000\040\000d\000e\000\040\000d\000a\000t\000o\000s}{section.10}% 26
\BOOKMARK [2][-]{subsection.10.6}{\376\377\000T\000e\000c\000h\000n\000o\000l\000o\000g\000y\000\040\000R\000e\000a\000d\000i\000n\000e\000s\000s\000\040\000L\000e\000v\000e\000l\000\040\000\050\000T\000R\000L\000\051}{section.10}% 27
\BOOKMARK [1][-]{section.11}{\376\377\000C\000i\000c\000l\000o\000\040\000d\000e\000\040\000v\000i\000d\000a}{}% 28
\BOOKMARK [1][-]{section.12}{\376\377\000M\000e\000t\000o\000d\000o\000l\000o\000g\000\355\000a\000\050\000s\000\051\000\040\000c\000a\000n\000d\000i\000d\000a\000t\000a\000\050\000s\000\051}{}% 29
\BOOKMARK [1][-]{section.13}{\376\377\000P\000l\000a\000t\000a\000f\000o\000r\000m\000a\000\040\000r\000e\000q\000u\000e\000r\000i\000d\000a}{}% 30
\BOOKMARK [1][-]{section.14}{\376\377\000E\000n\000u\000n\000c\000i\000a\000d\000o\000\040\000d\000e\000\040\000f\000a\000c\000t\000i\000b\000i\000l\000i\000d\000a\000d}{}% 31
\BOOKMARK [2][-]{subsection.14.1}{\376\377\000V\000i\000a\000b\000i\000l\000i\000d\000a\000d\000\040\000t\000\351\000c\000n\000i\000c\000a}{section.14}% 32
\BOOKMARK [2][-]{subsection.14.2}{\376\377\000V\000i\000a\000b\000i\000l\000i\000d\000a\000d\000\040\000e\000c\000o\000n\000\363\000m\000i\000c\000a}{section.14}% 33
\BOOKMARK [2][-]{subsection.14.3}{\376\377\000B\000u\000s\000i\000n\000e\000s\000s\000\040\000M\000o\000d\000e\000l\000\040\000C\000a\000n\000v\000a\000s}{section.14}% 34
\BOOKMARK [2][-]{subsection.14.4}{\376\377\000V\000i\000a\000b\000i\000l\000i\000d\000a\000d\000\040\000o\000p\000e\000r\000a\000t\000i\000v\000a}{section.14}% 35
\BOOKMARK [2][-]{subsection.14.5}{\376\377\000V\000i\000a\000b\000i\000l\000i\000d\000a\000d\000\040\000l\000e\000g\000a\000l}{section.14}% 36
\BOOKMARK [2][-]{subsection.14.6}{\376\377\000V\000i\000a\000b\000i\000l\000i\000d\000a\000d\000\040\000m\000e\000d\000i\000o\000a\000m\000b\000i\000e\000n\000t\000a\000l}{section.14}% 37
\BOOKMARK [2][-]{subsection.14.7}{\376\377\000R\000i\000e\000s\000g\000o\000s\000\040\000i\000d\000e\000n\000t\000i\000f\000i\000c\000a\000d\000o\000s\000\040\000y\000\040\000m\000i\000t\000i\000g\000a\000c\000i\000o\000n\000e\000s}{section.14}% 38
\BOOKMARK [1][-]{section.15}{\376\377\000A\000c\000u\000e\000r\000d\000o\000s\000\040\000p\000r\000e\000l\000i\000m\000i\000n\000a\000r\000e\000s\000\040\000d\000e\000\040\000n\000i\000v\000e\000l\000\040\000d\000e\000\040\000s\000e\000g\000u\000r\000i\000d\000a\000d\000\040\000y\000\040\000d\000e\000\040\000c\000a\000l\000i\000d\000a\000d}{}% 39
\BOOKMARK [2][-]{subsection.15.1}{\376\377\000S\000e\000g\000u\000r\000i\000d\000a\000d}{section.15}% 40
\BOOKMARK [2][-]{subsection.15.2}{\376\377\000C\000a\000l\000i\000d\000a\000d}{section.15}% 41
\BOOKMARK [1][-]{section.16}{\376\377\000P\000a\000r\000t\000i\000c\000i\000p\000a\000n\000t\000e\000s}{}% 42
\BOOKMARK [2][-]{subsection.16.1}{\376\377\000E\000q\000u\000i\000p\000o\000\040\000d\000e\000\040\000p\000r\000o\000y\000e\000c\000t\000o}{section.16}% 43
\BOOKMARK [2][-]{subsection.16.2}{\376\377\000I\000n\000t\000e\000r\000e\000s\000a\000d\000o\000s}{section.16}% 44
\BOOKMARK [2][-]{subsection.16.3}{\376\377\000M\000a\000t\000r\000i\000z\000\040\000R\000A\000C\000I}{section.16}% 45
\BOOKMARK [1][-]{section.17}{\376\377\000P\000r\000e\000s\000e\000n\000t\000a\000c\000i\000\363\000n\000\040\000d\000e\000\040\000l\000a\000\040\000p\000r\000o\000p\000u\000e\000s\000t\000a}{}% 46
\BOOKMARK [2][-]{subsection.17.1}{\376\377\000F\000l\000u\000j\000o\000\040\000p\000r\000i\000n\000c\000i\000p\000a\000l\000\040\000d\000e\000l\000\040\000A\000g\000e\000n\000t\000e\000\040\0001}{section.17}% 47
\BOOKMARK [2][-]{subsection.17.2}{\376\377\000H\000i\000s\000t\000o\000r\000i\000a\000s\000\040\000d\000e\000\040\000u\000s\000u\000a\000r\000i\000o}{section.17}% 48
\BOOKMARK [2][-]{subsection.17.3}{\376\377\000A\000g\000e\000n\000t\000e\000\040\0001\000\040\000c\000o\000m\000o\000\040\000h\000u\000b\000\040\000d\000e\000\040\000c\000o\000m\000u\000n\000i\000c\000a\000c\000i\000\363\000n}{section.17}% 49
\BOOKMARK [2][-]{subsection.17.4}{\376\377\000S\000t\000o\000r\000y\000b\000o\000a\000r\000d\000:\000\040\000c\000o\000o\000r\000d\000i\000n\000a\000d\000o\000r\000\040\000d\000e\000\040\000l\000a\000\040\000S\000E\000U\000\040\000g\000e\000n\000e\000r\000a\000\040\000u\000n\000a\000\040\000g\000a\000c\000e\000t\000i\000l\000l\000a}{section.17}% 50
\BOOKMARK [2][-]{subsection.17.5}{\376\377\000A\000r\000q\000u\000i\000t\000e\000c\000t\000u\000r\000a\000\040\000t\000\351\000c\000n\000i\000c\000a\000\040\000d\000e\000l\000\040\000A\000g\000e\000n\000t\000e\000\040\0001}{section.17}% 51
\BOOKMARK [1][-]{section.18}{\376\377\000C\000r\000o\000n\000o\000g\000r\000a\000m\000a\000\040\000d\000e\000\040\000a\000l\000t\000o\000\040\000n\000i\000v\000e\000l}{}% 52
\BOOKMARK [2][-]{subsection.18.1}{\376\377\000E\000s\000t\000r\000u\000c\000t\000u\000r\000a\000\040\000d\000e\000\040\000D\000e\000s\000c\000o\000m\000p\000o\000s\000i\000c\000i\000\363\000n\000\040\000d\000e\000l\000\040\000T\000r\000a\000b\000a\000j\000o\000\040\000\050\000E\000D\000T\000\051}{section.18}% 53
\BOOKMARK [2][-]{subsection.18.2}{\376\377\000E\000n\000t\000r\000e\000g\000a\000b\000l\000e\000s\000\040\000p\000o\000r\000\040\000s\000e\000m\000e\000s\000t\000r\000e}{section.18}% 54
\BOOKMARK [2][-]{subsection.18.3}{\376\377\000C\000r\000o\000n\000o\000g\000r\000a\000m\000a\000\040\000d\000e\000\040\000h\000i\000t\000o\000s}{section.18}% 55
\BOOKMARK [2][-]{subsection.18.4}{\376\377\000P\000l\000a\000n\000i\000f\000i\000c\000a\000c\000i\000\363\000n\000\040\000m\000e\000n\000s\000u\000a\000l}{section.18}% 56
\BOOKMARK [1][-]{section.19}{\376\377\000M\000\351\000t\000r\000i\000c\000a\000s}{}% 57
\BOOKMARK [2][-]{subsection.19.1}{\376\377\000R\000e\000s\000u\000m\000e\000n\000\040\000d\000e\000\040\000c\000r\000i\000t\000e\000r\000i\000o\000s\000\040\000d\000e\000\040\000a\000c\000e\000p\000t\000a\000c\000i\000\363\000n}{section.19}% 58
\BOOKMARK [2][-]{subsection.19.2}{\376\377\000F\000a\000c\000t\000o\000r\000e\000s\000\040\000c\000r\000\355\000t\000i\000c\000o\000s\000\040\000d\000e\000\040\000\351\000x\000i\000t\000o}{section.19}% 59
